lib/libcurses.so      libncurses.so.5.7     l 777 0 0 - - - - -
lib/libform.so.5.7    lib/libform.so.5.7    f 755 0 0 - - - - -
lib/libform.so.5.7    -                     s   - - - - - - - -
lib/libform.so.5      libform.so.5.7        l 777 0 0 - - - - -
lib/libform.so        libform.so.5          l 777 0 0 - - - - -
lib/libmenu.so.5.7    lib/libmenu.so.5.7    f 755 0 0 - - - - -
lib/libmenu.so.5.7    -                     s   - - - - - - - -
lib/libmenu.so.5      libmenu.so.5.7        l 777 0 0 - - - - -
lib/libmenu.so        libmenu.so.5          l 777 0 0 - - - - -
lib/libncurses.so.5.7 lib/libncurses.so.5.7 f 755 0 0 - - - - -
lib/libncurses.so.5.7 -                     s   - - - - - - - -
lib/libncurses.so.5   libncurses.so.5.7     l 777 0 0 - - - - -
lib/libncurses.so     libncurses.so.5       l 777 0 0 - - - - -
lib/libpanel.so.5.7   lib/libpanel.so.5.7   f 755 0 0 - - - - -
lib/libpanel.so.5.7   -                     s   - - - - - - - -
lib/libpanel.so.5     libpanel.so.5.7       l 777 0 0 - - - - -
lib/libpanel.so       libpanel.so.5         l 777 0 0 - - - - -
usr/share/tabset         -                        d 755 0 0 - - - - -
usr/share/terminfo       -                        d 755 0 0 - - - - -
usr/lib/terminfo         ../share/terminfo        l 777 0 0 - - - - -
usr/share/tabset/std     usr/share/tabset/std     f 644 0 0 - - - - -
usr/share/tabset/stdcrt  usr/share/tabset/stdcrt  f 644 0 0 - - - - -
usr/share/tabset/vt100   usr/share/tabset/vt100   f 644 0 0 - - - - -
usr/share/tabset/vt300   usr/share/tabset/vt300   f 644 0 0 - - - - -
usr/share/terminfo/a               -                                  d 755 0 0 - - - - -
usr/share/terminfo/a/ansi          usr/share/terminfo/a/ansi          f 644 0 0 - - - - -
usr/share/terminfo/c               -                                  d 755 0 0 - - - - -
usr/share/terminfo/c/cons25        usr/share/terminfo/c/cons25        f 644 0 0 - - - - -
usr/share/terminfo/c/cygwin        usr/share/terminfo/c/cygwin        f 644 0 0 - - - - -
usr/share/terminfo/d               -                                  d 755 0 0 - - - - -
usr/share/terminfo/d/dumb          usr/share/terminfo/d/dumb          f 644 0 0 - - - - -
usr/share/terminfo/l               -                                  d 755 0 0 - - - - -
usr/share/terminfo/l/linux         usr/share/terminfo/l/linux         f 644 0 0 - - - - -
usr/share/terminfo/v               -                                  d 755 0 0 - - - - -
usr/share/terminfo/v/vt100         usr/share/terminfo/v/vt100         f 644 0 0 - - - - -
usr/share/terminfo/v/vt102         vt100                              l 777 0 0 - - - - -
usr/share/terminfo/v/vt320         usr/share/terminfo/v/vt320         f 644 0 0 - - - - -
usr/share/terminfo/v/vt300         vt320                              l 777 0 0 - - - - -
usr/share/terminfo/v/vt400         usr/share/terminfo/v/vt400         f 644 0 0 - - - - -
usr/share/terminfo/v/vt420         usr/share/terminfo/v/vt420         f 644 0 0 - - - - -
usr/share/terminfo/x               -                                  d 755 0 0 - - - - -
usr/share/terminfo/x/xterm         usr/share/terminfo/x/xterm         f 644 0 0 - - - - -
usr/share/terminfo/x/xterm-color   usr/share/terminfo/x/xterm-color   f 644 0 0 - - - - -
usr/share/terminfo/x/xterm-r5      usr/share/terminfo/x/xterm-r5      f 644 0 0 - - - - -
usr/share/terminfo/x/xterm-r6      usr/share/terminfo/x/xterm-r6      f 644 0 0 - - - - -
usr/share/terminfo/x/xterm-vt220   usr/share/terminfo/x/xterm-vt220   f 644 0 0 - - - - -
usr/share/terminfo/x/xterm-xfree86 usr/share/terminfo/x/xterm-xfree86 f 644 0 0 - - - - -
