/etc d 755 0 0 - - - - -
/bin d 755 0 0 - - - - -
/dev d 755 0 0 - - - - -
/rw-flash d 755 0 0 - - - - -
/dev/avswitch c 664 0 0 10 139 - - -
/dev/console c 664 0 0 5 1 - - -
/dev/fb c 664 0 0 29 0 - - -
/dev/fb c 664 0 0 29 0 0 1 2
/dev/hw_idct c 664 0 0 10 199 - - -
/dev/initctl p 664 0 0 - - - - -
/dev/lirc c 664 0 0 61 0 - - -
/dev/loop b 664 0 0 7 0 0 1 8
/dev/mtd c 664 0 0 90 0 0 2 7
/dev/mtdblock b 664 0 0 31 0 0 1 7
/dev/null c 666 0 0 1 3 - - -
/dev/ost d 755 0 0 - - - - -
/dev/ost/audio c 664 0 0 250 4 0 1 2
/dev/ost/demux c 664 0 0 250 16 0 1 2
/dev/ost/dvr c 664 0 0 250 20 0 1 2
/dev/ost/frontend c 664 0 0 250 12 0 1 2
/dev/ost/sec c 664 0 0 250 8 0 1 2
/dev/ost/video c 664 0 0 250 0 0 1 2
/dev/pic c 664 0 0 10 136 - - -
/dev/ptmx c 666 0 0 5 2 - - -
/dev/pts d 755 0 0 - - - - -
/dev/ptyp c 666 0 0 2 0 0 1 10
/dev/ptypa c 666 0 0 2 10 - - -
/dev/ptypb c 666 0 0 2 11 - - -
/dev/ptypc c 666 0 0 2 12 - - -
/dev/ptypd c 666 0 0 2 13 - - -
/dev/ptype c 666 0 0 2 14 - - -
/dev/ptypf c 666 0 0 2 15 - - -
/dev/ptyq c 666 0 0 2 16 0 1 10
/dev/ptyqa c 666 0 0 2 26 - - -
/dev/ptyqb c 666 0 0 2 27 - - -
/dev/ptyqc c 666 0 0 2 28 - - -
/dev/ptyqd c 666 0 0 2 29 - - -
/dev/ptyqe c 666 0 0 2 30 - - -
/dev/ptyqf c 666 0 0 2 31 - - -
/dev/ptyr c 666 0 0 2 32 0 1 10
/dev/ptyra c 666 0 0 2 42 - - -
/dev/ptyrb c 666 0 0 2 43 - - -
/dev/ptyrc c 666 0 0 2 44 - - -
/dev/ptyrd c 666 0 0 2 45 - - -
/dev/ptyre c 666 0 0 2 46 - - -
/dev/ptyrf c 666 0 0 2 47 - - -
/dev/ptys c 666 0 0 2 48 0 1 10
/dev/ptysa c 666 0 0 2 58 - - -
/dev/ptysb c 666 0 0 2 59 - - -
/dev/ptysc c 666 0 0 2 60 - - -
/dev/ptysd c 666 0 0 2 61 - - -
/dev/ptyse c 666 0 0 2 62 - - -
/dev/ptysf c 666 0 0 2 63 - - -
/dev/ptyt c 666 0 0 2 64 0 1 10
/dev/ptyta c 666 0 0 2 74 - - -
/dev/ptytb c 666 0 0 2 75 - - -
/dev/ptytc c 666 0 0 2 76 - - -
/dev/ptytd c 666 0 0 2 77 - - -
/dev/ptyte c 666 0 0 2 78 - - -
/dev/ptytf c 666 0 0 2 79 - - -
/dev/ptyu c 666 0 0 2 80 0 1 10
/dev/ptyua c 666 0 0 2 90 - - -
/dev/ptyub c 666 0 0 2 91 - - -
/dev/ptyuc c 666 0 0 2 92 - - -
/dev/ptyud c 666 0 0 2 93 - - -
/dev/ptyue c 666 0 0 2 94 - - -
/dev/ptyuf c 666 0 0 2 95 - - -
/dev/ptyv c 666 0 0 2 96 0 1 10
/dev/ptyva c 666 0 0 2 106 - - -
/dev/ptyvb c 666 0 0 2 107 - - -
/dev/ptyvc c 666 0 0 2 108 - - -
/dev/ptyvd c 666 0 0 2 109 - - -
/dev/ptyve c 666 0 0 2 110 - - -
/dev/ptyvf c 666 0 0 2 111 - - -
/dev/ptyw c 666 0 0 2 112 0 1 10
/dev/ptywa c 666 0 0 2 122 - - -
/dev/ptywb c 666 0 0 2 123 - - -
/dev/ptywc c 666 0 0 2 124 - - -
/dev/ptywd c 666 0 0 2 125 - - -
/dev/ptywe c 666 0 0 2 126 - - -
/dev/ptywf c 666 0 0 2 127 - - -
/dev/ptyx c 666 0 0 2 128 0 1 10
/dev/ptyxa c 666 0 0 2 138 - - -
/dev/ptyxb c 666 0 0 2 139 - - -
/dev/ptyxc c 666 0 0 2 140 - - -
/dev/ptyxd c 666 0 0 2 141 - - -
/dev/ptyxe c 666 0 0 2 142 - - -
/dev/ptyxf c 666 0 0 2 143 - - -
/dev/ptyy c 666 0 0 2 144 0 1 10
/dev/ptyya c 666 0 0 2 154 - - -
/dev/ptyyb c 666 0 0 2 155 - - -
/dev/ptyyc c 666 0 0 2 156 - - -
/dev/ptyyd c 666 0 0 2 157 - - -
/dev/ptyye c 666 0 0 2 158 - - -
/dev/ptyyf c 666 0 0 2 159 - - -
/dev/ptyz c 666 0 0 2 160 0 1 10
/dev/ptyza c 666 0 0 2 170 - - -
/dev/ptyzb c 666 0 0 2 171 - - -
/dev/ptyzc c 666 0 0 2 172 - - -
/dev/ptyzd c 666 0 0 2 173 - - -
/dev/ptyze c 666 0 0 2 174 - - -
/dev/ptyzf c 666 0 0 2 175 - - -
/dev/ptya c 666 0 0 2 176 0 1 10
/dev/ptyaa c 666 0 0 2 186 - - -
/dev/ptyab c 666 0 0 2 187 - - -
/dev/ptyac c 666 0 0 2 188 - - -
/dev/ptyad c 666 0 0 2 189 - - -
/dev/ptyae c 666 0 0 2 190 - - -
/dev/ptyaf c 666 0 0 2 191 - - -
/dev/ptyb c 666 0 0 2 192 0 1 10
/dev/ptyba c 666 0 0 2 202 - - -
/dev/ptybb c 666 0 0 2 203 - - -
/dev/ptybc c 666 0 0 2 204 - - -
/dev/ptybd c 666 0 0 2 205 - - -
/dev/ptybe c 666 0 0 2 206 - - -
/dev/ptybf c 666 0 0 2 207 - - -
/dev/ptyc c 666 0 0 2 208 0 1 10
/dev/ptyca c 666 0 0 2 218 - - -
/dev/ptycb c 666 0 0 2 219 - - -
/dev/ptycc c 666 0 0 2 220 - - -
/dev/ptycd c 666 0 0 2 221 - - -
/dev/ptyce c 666 0 0 2 222 - - -
/dev/ptycf c 666 0 0 2 223 - - -
/dev/ptyd c 666 0 0 2 224 0 1 10
/dev/ptyda c 666 0 0 2 234 - - -
/dev/ptydb c 666 0 0 2 235 - - -
/dev/ptydc c 666 0 0 2 236 - - -
/dev/ptydd c 666 0 0 2 237 - - -
/dev/ptyde c 666 0 0 2 238 - - -
/dev/ptydf c 666 0 0 2 239 - - -
/dev/ptye c 666 0 0 2 240 0 1 10
/dev/ptyea c 666 0 0 2 250 - - -
/dev/ptyeb c 666 0 0 2 251 - - -
/dev/ptyec c 666 0 0 2 252 - - -
/dev/ptyed c 666 0 0 2 253 - - -
/dev/ptyee c 666 0 0 2 254 - - -
/dev/ptyef c 666 0 0 2 255 - - -
/dev/ram b 664 0 0 1 0 0 1 2
/dev/random c 666 0 0 1 8 - - -
/dev/raw d 775 0 0 - - - - -
/dev/rawctl c 664 0 0 162 0 - - -
/dev/sda b 660 0 0 8 0 - - -
/dev/sda b 660 0 0 8 1 1 1 15
/dev/sdb b 660 0 0 8 16 - - -
/dev/sdb b 660 0 0 8 17 1 1 15
/dev/sdc b 660 0 0 8 32 - - -
/dev/sdc b 660 0 0 8 33 1 1 15
/dev/sdd b 660 0 0 8 48 - - -
/dev/sdd b 660 0 0 8 49 1 1 15
/dev/sde b 660 0 0 8 64 - - -
/dev/sde b 660 0 0 8 65 1 1 15
/dev/sdf b 660 0 0 8 80 - - -
/dev/sdf b 660 0 0 8 81 1 1 15
/dev/sdg b 660 0 0 8 96 - - -
/dev/sdg b 660 0 0 8 97 1 1 15
/dev/sdh b 660 0 0 8 112 - - -
/dev/sdh b 660 0 0 8 113 1 1 15
/dev/sdi b 660 0 0 8 128 - - -
/dev/sdi b 660 0 0 8 129 1 1 15
/dev/sdj b 660 0 0 8 144 - - -
/dev/sdj b 660 0 0 8 145 1 1 15
/dev/sdk b 660 0 0 8 160 - - -
/dev/sdk b 660 0 0 8 161 1 1 15
/dev/sdl b 660 0 0 8 176 - - -
/dev/sdl b 660 0 0 8 177 1 1 15
/dev/sdm b 660 0 0 8 192 - - -
/dev/sdm b 660 0 0 8 193 1 1 15
/dev/sdn b 660 0 0 8 208 - - -
/dev/sdn b 660 0 0 8 209 1 1 15
/dev/sdo b 660 0 0 8 224 - - -
/dev/sdo b 660 0 0 8 225 1 1 15
/dev/sdp b 660 0 0 8 240 - - -
/dev/sdp b 660 0 0 8 241 1 1 15
/dev/tty c 666 0 0 5 0 - - -
/dev/tty c 666 0 0 4 0 0 1 64
/dev/ttyS c 660 0 0 4 64 0 1 4
/dev/ttyp c 666 0 0 3 0 0 1 10
/dev/ttypa c 666 0 0 3 10 - - -
/dev/ttypb c 666 0 0 3 11 - - -
/dev/ttypc c 666 0 0 3 12 - - -
/dev/ttypd c 666 0 0 3 13 - - -
/dev/ttype c 666 0 0 3 14 - - -
/dev/ttypf c 666 0 0 3 15 - - -
/dev/ttyq c 666 0 0 3 16 0 1 10
/dev/ttyqa c 666 0 0 3 26 - - -
/dev/ttyqb c 666 0 0 3 27 - - -
/dev/ttyqc c 666 0 0 3 28 - - -
/dev/ttyqd c 666 0 0 3 29 - - -
/dev/ttyqe c 666 0 0 3 30 - - -
/dev/ttyqf c 666 0 0 3 31 - - -
/dev/ttyr c 666 0 0 3 32 0 1 10
/dev/ttyra c 666 0 0 3 42 - - -
/dev/ttyrb c 666 0 0 3 43 - - -
/dev/ttyrc c 666 0 0 3 44 - - -
/dev/ttyrd c 666 0 0 3 45 - - -
/dev/ttyre c 666 0 0 3 46 - - -
/dev/ttyrf c 666 0 0 3 47 - - -
/dev/ttys c 666 0 0 3 48 0 1 10
/dev/ttysa c 666 0 0 3 58 - - -
/dev/ttysb c 666 0 0 3 59 - - -
/dev/ttysc c 666 0 0 3 60 - - -
/dev/ttysd c 666 0 0 3 61 - - -
/dev/ttyse c 666 0 0 3 62 - - -
/dev/ttysf c 666 0 0 3 63 - - -
/dev/ttyt c 666 0 0 3 64 0 1 10
/dev/ttyta c 666 0 0 3 74 - - -
/dev/ttytb c 666 0 0 3 75 - - -
/dev/ttytc c 666 0 0 3 76 - - -
/dev/ttytd c 666 0 0 3 77 - - -
/dev/ttyte c 666 0 0 3 78 - - -
/dev/ttytf c 666 0 0 3 79 - - -
/dev/ttyu c 666 0 0 3 80 0 1 10
/dev/ttyua c 666 0 0 3 90 - - -
/dev/ttyub c 666 0 0 3 91 - - -
/dev/ttyuc c 666 0 0 3 92 - - -
/dev/ttyud c 666 0 0 3 93 - - -
/dev/ttyue c 666 0 0 3 94 - - -
/dev/ttyuf c 666 0 0 3 95 - - -
/dev/ttyv c 666 0 0 3 96 0 1 10
/dev/ttyva c 666 0 0 3 106 - - -
/dev/ttyvb c 666 0 0 3 107 - - -
/dev/ttyvc c 666 0 0 3 108 - - -
/dev/ttyvd c 666 0 0 3 109 - - -
/dev/ttyve c 666 0 0 3 110 - - -
/dev/ttyvf c 666 0 0 3 111 - - -
/dev/ttyw c 666 0 0 3 112 0 1 10
/dev/ttywa c 666 0 0 3 122 - - -
/dev/ttywb c 666 0 0 3 123 - - -
/dev/ttywc c 666 0 0 3 124 - - -
/dev/ttywd c 666 0 0 3 125 - - -
/dev/ttywe c 666 0 0 3 126 - - -
/dev/ttywf c 666 0 0 3 127 - - -
/dev/ttyx c 666 0 0 3 128 0 1 10
/dev/ttyxa c 666 0 0 3 138 - - -
/dev/ttyxb c 666 0 0 3 139 - - -
/dev/ttyxc c 666 0 0 3 140 - - -
/dev/ttyxd c 666 0 0 3 141 - - -
/dev/ttyxe c 666 0 0 3 142 - - -
/dev/ttyxf c 666 0 0 3 143 - - -
/dev/ttyy c 666 0 0 3 144 0 1 10
/dev/ttyya c 666 0 0 3 154 - - -
/dev/ttyyb c 666 0 0 3 155 - - -
/dev/ttyyc c 666 0 0 3 156 - - -
/dev/ttyyd c 666 0 0 3 157 - - -
/dev/ttyye c 666 0 0 3 158 - - -
/dev/ttyyf c 666 0 0 3 159 - - -
/dev/ttyz c 666 0 0 3 160 0 1 10
/dev/ttyza c 666 0 0 3 170 - - -
/dev/ttyzb c 666 0 0 3 171 - - -
/dev/ttyzc c 666 0 0 3 172 - - -
/dev/ttyzd c 666 0 0 3 173 - - -
/dev/ttyze c 666 0 0 3 174 - - -
/dev/ttyzf c 666 0 0 3 175 - - -
/dev/ttya c 666 0 0 3 176 0 1 10
/dev/ttyaa c 666 0 0 3 186 - - -
/dev/ttyab c 666 0 0 3 187 - - -
/dev/ttyac c 666 0 0 3 188 - - -
/dev/ttyad c 666 0 0 3 189 - - -
/dev/ttyae c 666 0 0 3 190 - - -
/dev/ttyaf c 666 0 0 3 191 - - -
/dev/ttyb c 666 0 0 3 192 0 1 10
/dev/ttyba c 666 0 0 3 202 - - -
/dev/ttybb c 666 0 0 3 203 - - -
/dev/ttybc c 666 0 0 3 204 - - -
/dev/ttybd c 666 0 0 3 205 - - -
/dev/ttybe c 666 0 0 3 206 - - -
/dev/ttybf c 666 0 0 3 207 - - -
/dev/ttyc c 666 0 0 3 208 0 1 10
/dev/ttyca c 666 0 0 3 218 - - -
/dev/ttycb c 666 0 0 3 219 - - -
/dev/ttycc c 666 0 0 3 220 - - -
/dev/ttycd c 666 0 0 3 221 - - -
/dev/ttyce c 666 0 0 3 222 - - -
/dev/ttycf c 666 0 0 3 223 - - -
/dev/ttyd c 666 0 0 3 224 0 1 10
/dev/ttyda c 666 0 0 3 234 - - -
/dev/ttydb c 666 0 0 3 235 - - -
/dev/ttydc c 666 0 0 3 236 - - -
/dev/ttydd c 666 0 0 3 237 - - -
/dev/ttyde c 666 0 0 3 238 - - -
/dev/ttydf c 666 0 0 3 239 - - -
/dev/ttye c 666 0 0 3 240 0 1 10
/dev/ttyea c 666 0 0 3 250 - - -
/dev/ttyeb c 666 0 0 3 251 - - -
/dev/ttyec c 666 0 0 3 252 - - -
/dev/ttyed c 666 0 0 3 253 - - -
/dev/ttyee c 666 0 0 3 254 - - -
/dev/ttyef c 666 0 0 3 255 - - -
/dev/urandom c 666 0 0 1 9 - - -
/dev/video c 660 0 0 81 0 0 1 2
/dev/zero c 666 0 0 1 5 - - -
/etc d 755 0 0 - - - - -
/lib d 755 0 0 - - - - -
/proc d 755 0 0 - - - - -
/sbin d 755 0 0 - - - - -
/usr d 755 0 0 - - - - -
/usr/bin d 755 0 0 - - - - -
/usr/lib d 755 0 0 - - - - -
/usr/sbin d 755 0 0 - - - - -
/usr/share d 755 0 0 - - - - -
/var d 755 0 0 - - - - -
/var/tmp d 755 0 0 - - - - -
/var/run d 755 0 0 - - - - -
/sbin/dosfsck f 755 0 0 - - - - -
/sbin/mkdosfs f 755 0 0 - - - - -
/usr/lib/libexpat.so.1.5.2 f 755 0 0 - - - - -
/lib/ld-uClibc-0.9.30.3.so f 755 0 0 - - - - -
/lib/libcrypt-0.9.30.3.so f 755 0 0 - - - - -
/lib/libdl-0.9.30.3.so f 755 0 0 - - - - -
/lib/libm-0.9.30.3.so f 755 0 0 - - - - -
/lib/libnsl-0.9.30.3.so f 755 0 0 - - - - -
/lib/libpthread-0.9.30.3.so f 755 0 0 - - - - -
/lib/libresolv-0.9.30.3.so f 755 0 0 - - - - -
/lib/librt-0.9.30.3.so f 755 0 0 - - - - -
/lib/libutil-0.9.30.3.so f 755 0 0 - - - - -
/lib/libuClibc-0.9.30.3.so f 755 0 0 - - - - -
/usr/sbin/pic_tool f 755 0 0 - - - - -
/usr/sbin/avswctl f 755 0 0 - - - - -
/usr/bin/osddrawtext f 755 0 0 - - - - -
/usr/bin/svdrpsend f 755 0 0 - - - - -
/usr/bin/genindex f 755 0 0 - - - - -
/usr/bin/io-test f 755 0 0 - - - - -
/usr/bin/vdron f 755 0 0 - - - - -
/usr/sbin/spindown f 755 0 0 - - - - -
/lib/libgcc_s.so.1 f 755 0 0 - - - - -
/lib/libstdc++.so.6.0.17 f 755 0 0 - - - - -
/usr/sbin/ssmtp f 755 0 0 - - - - -
/etc/ssmtp d 755 0 0 - - - - -
/etc/ssmtp/ssmtp.conf f 664 0 0 - - - - -
/usr/bin/mediatomb f 755 0 0 - - - - -
/etc d 755 0 0 - - - - -
/usr d 755 0 0 - - - - -
/usr/bin d 755 0 0 - - - - -
/usr/bin/kill-mediatomb f 755 0 0 - - - - -
/usr/bin/start-mediatomb f 755 0 0 - - - - -
/usr/sbin/portmap f 755 0 0 - - - - -
/usr/lib/libosd.so f 755 0 0 - - - - -
/usr/lib/libwrap.so.0.7.6 f 755 0 0 - - - - -
/usr/sbin/webifd f 755 0 0 - - - - -
/etc d 755 0 0 - - - - -
/etc/webif d 755 0 0 - - - - -
/usr/sbin/ntpclient f 755 0 0 - - - - -
/sbin/e2fsck f 755 0 0 - - - - -
/sbin/mke2fs f 755 0 0 - - - - -
/etc/mke2fs.conf f 664 0 0 - - - - -
/sbin/tune2fs f 755 0 0 - - - - -
/usr/sbin/dropbearmulti f 755 0 0 - - - - -
/usr/sbin/sm-notify f 755 0 0 - - - - -
/usr/sbin/rpc.statd f 755 0 0 - - - - -
/usr/sbin/rpc.nfsd f 755 0 0 - - - - -
/bin/mount.nfs f 755 0 0 - - - - -
/usr/sbin/rpc.mountd f 755 0 0 - - - - -
/usr/sbin/exportfs f 755 0 0 - - - - -
/usr/sbin/showmount f 755 0 0 - - - - -
/usr/sbin/nfsstat f 755 0 0 - - - - -
/usr/sbin/vsftpd f 755 0 0 - - - - -
/etc/vsftpd.conf f 644 0 0 - - - - -
/lib d 755 0 0 - - - - -
/lib/modules d 755 0 0 - - - - -
/lib/modules/2.4.21-xfs d 755 0 0 - - - - -
/lib/modules/2.4.21-xfs/tainted d 755 0 0 - - - - -
/lib/modules/2.4.21-xfs/tainted/emma_rtos.o f 755 0 0 - - - - -
/lib/modules/2.4.21-xfs/tainted/emma_bios.o f 755 0 0 - - - - -
/lib/modules/2.4.21-xfs/tainted/emma_osd.o f 755 0 0 - - - - -
/lib/modules/2.4.21-xfs/tainted/emma_av.o f 755 0 0 - - - - -
/lib/modules/2.4.21-xfs/tainted/emma_teletext.o f 755 0 0 - - - - -
/lib/modules/2.4.21-xfs/tainted/emma_fb.o f 755 0 0 - - - - -
/lib/modules/2.4.21-xfs/tainted/iic_int.o f 755 0 0 - - - - -
/lib/modules/2.4.21-xfs/tainted/lirc_dev_s.o f 755 0 0 - - - - -
/lib/modules/2.4.21-xfs/tainted/dvbdev.o f 755 0 0 - - - - -
/lib/modules/2.4.21-xfs/tainted/pic16f73.o f 755 0 0 - - - - -
/lib/modules/2.4.21-xfs/tainted/pds5002cl.o f 755 0 0 - - - - -
/lib/modules/2.4.21-xfs/tainted/tda10046.o f 755 0 0 - - - - -
/lib/modules/2.4.21-xfs/tainted/tuner.o f 755 0 0 - - - - -
/lib/modules/2.4.21-xfs/tainted/demux.o f 755 0 0 - - - - -
/lib/modules/2.4.21-xfs/tainted/video.o f 755 0 0 - - - - -
/lib/modules d 755 0 0 - - - - -
/lib/modules/2.4.21-xfs d 755 0 0 - - - - -
/lib/modules/2.4.21-xfs/kernel d 755 0 0 - - - - -
/lib/modules/2.4.21-xfs/kernel/drivers d 755 0 0 - - - - -
/lib/modules/2.4.21-xfs/kernel/drivers/usb d 755 0 0 - - - - -
/lib/modules/2.4.21-xfs/kernel/drivers/usb/host d 755 0 0 - - - - -
/lib/modules/2.4.21-xfs/kernel/fs d 755 0 0 - - - - -
/lib/modules/2.4.21-xfs/kernel/fs/cifs d 755 0 0 - - - - -
/lib/modules/2.4.21-xfs/kernel/fs/nfsd d 755 0 0 - - - - -
/lib/modules/2.4.21-xfs/kernel/drivers/usb/host/ehci-hcd.o f 755 0 0 - - - - -
/lib/modules/2.4.21-xfs/kernel/drivers/usb/host/usb-ohci.o f 755 0 0 - - - - -
/lib/modules/2.4.21-xfs/kernel/fs/cifs/cifs.o f 755 0 0 - - - - -
/lib/modules/2.4.21-xfs/kernel/fs/nfsd/nfsd.o f 755 0 0 - - - - -
/usr/sbin/lircd f 755 0 0 - - - - -
/usr/lib/liblirc_client.so.0.0.0 f 755 0 0 - - - - -
/usr/bin/irexec f 755 0 0 - - - - -
/usr/sbin/scsi-spin f 755 0 0 - - - - -
/usr/lib/vdr d 755 0 0 - - - - -
/usr/lib/vdr/libvdr-epgsearch.so.1.4.5 f 755 0 0 - - - - -
/usr/lib/vdr/libvdr-epgsearchonly.so.1.4.5 f 755 0 0 - - - - -
/usr/lib/vdr/libvdr-conflictcheckonly.so.1.4.5 f 755 0 0 - - - - -
/usr/lib/vdr/libvdr-filebrowser.so.1.4.5 f 755 0 0 - - - - -
/usr/lib/vdr/libvdr-skinenigmang.so.1.4.5 f 755 0 0 - - - - -
/usr/lib/vdr/libvdr-blink.so.1.4.5 f 755 0 0 - - - - -
/usr/lib/vdr/libvdr-channelscan.so.1.4.5 f 755 0 0 - - - - -
/usr/lib/vdr/libvdr-osdteletext.so.1.4.5 f 755 0 0 - - - - -
/usr/lib/vdr/libvdr-setup.so.1.4.5 f 755 0 0 - - - - -
/usr/lib/vdr/libvdr-aide.so.1.4.5 f 755 0 0 - - - - -
/usr/lib/vdr/libvdr-cinebars.so.1.4.5 f 755 0 0 - - - - -
/usr/lib/vdr/libvdr-streamdev-server.so.1.4.5 f 755 0 0 - - - - -
/usr/lib/vdr/libvdr-channellists.so.1.4.5 f 755 0 0 - - - - -
/usr/lib/vdr/libvdr-cridplayer.so.1.4.5 f 755 0 0 - - - - -
/usr/lib/vdr/libvdr-osdadjust.so.1.4.5 f 755 0 0 - - - - -
/usr/lib/vdr/libvdr-scheduler.so.1.4.5 f 755 0 0 - - - - -
/usr/lib/vdr/libvdr-rssreader.so.1.4.5 f 755 0 0 - - - - -
/usr/lib/vdr/libvdr-pilotskin.so.1.4.5 f 755 0 0 - - - - -
/usr/lib/vdr/libvdr-fepg.so.1.4.5 f 755 0 0 - - - - -
/etc d 755 0 0 - - - - -
/etc/vdr d 755 0 0 - - - - -
/etc/vdr/plugins d 755 0 0 - - - - -
/etc/vdr/plugins/epgsearch d 755 0 0 - - - - -
/etc/vdr/plugins/epgsearch/epgsearchblacklists.conf f 644 0 0 - - - - -
/etc/vdr/plugins/epgsearch/epgsearchtemplates.conf f 644 0 0 - - - - -
/etc/vdr/plugins/epgsearch/epgsearch.conf f 644 0 0 - - - - -
/etc/vdr/plugins/epgsearch/epgsearchuservars.conf f 644 0 0 - - - - -
/etc d 755 0 0 - - - - -
/etc/vdr d 755 0 0 - - - - -
/etc/vdr/plugins d 755 0 0 - - - - -
/etc/vdr/plugins/filebrowser d 755 0 0 - - - - -
/etc/vdr/plugins/filebrowser/commands.conf f 644 0 0 - - - - -
/etc/vdr/plugins/filebrowser/othercommands.conf f 644 0 0 - - - - -
/etc/vdr/plugins/filebrowser/order.conf f 644 0 0 - - - - -
/etc/vdr/plugins/filebrowser/sources.conf f 644 0 0 - - - - -
/etc d 755 0 0 - - - - -
/etc/vdr d 755 0 0 - - - - -
/etc/vdr/plugins d 755 0 0 - - - - -
/etc d 755 0 0 - - - - -
/etc/vdr d 755 0 0 - - - - -
/etc/vdr/plugins d 755 0 0 - - - - -
/etc d 755 0 0 - - - - -
/etc/vdr d 755 0 0 - - - - -
/etc/vdr/plugins d 755 0 0 - - - - -
/etc d 755 0 0 - - - - -
/etc/vdr d 755 0 0 - - - - -
/etc/vdr/plugins d 755 0 0 - - - - -
/etc/vdr/plugins/streamdevhosts.conf f 644 0 0 - - - - -
/etc d 755 0 0 - - - - -
/etc/vdr d 755 0 0 - - - - -
/etc/vdr/plugins d 755 0 0 - - - - -
/etc/vdr/plugins/channellists d 755 0 0 - - - - -
/etc/vdr/plugins/channellists/channels.conf.Alicante f 644 0 0 - - - - -
/etc/vdr/plugins/channellists/channels.conf.Vigo f 644 0 0 - - - - -
/etc/vdr/plugins/channellists/channels.conf.Valladolid f 644 0 0 - - - - -
/etc/vdr/plugins/channellists/channels.conf.Barcelona f 644 0 0 - - - - -
/etc/vdr/plugins/channellists/channels.conf.Valencia f 644 0 0 - - - - -
/etc/vdr/plugins/channellists/channels.conf.Malaga f 644 0 0 - - - - -
/etc/vdr/plugins/channellists/channels.conf.Tenerife f 644 0 0 - - - - -
/etc/vdr/plugins/channellists/channels.conf.Lleida f 644 0 0 - - - - -
/etc/vdr/plugins/channellists/channels.conf.Sevilla f 644 0 0 - - - - -
/etc/vdr/plugins/channellists/channels.conf.Santiago_de_Compostela f 644 0 0 - - - - -
/etc/vdr/plugins/channellists/channels.conf.Huelva f 644 0 0 - - - - -
/etc/vdr/plugins/channellists/channels.conf.Corunya f 644 0 0 - - - - -
/etc/vdr/plugins/channellists/channels.conf.Palma_de_Mallorca f 644 0 0 - - - - -
/etc/vdr/plugins/channellists/channels.conf.Madrid f 644 0 0 - - - - -
/etc/vdr/plugins/channellists/channels.conf.Zaragoza f 644 0 0 - - - - -
/etc/vdr/plugins/channellists/channels.conf.Bilbao f 644 0 0 - - - - -
/etc/vdr/plugins/channellists/channels.conf.Murcia f 644 0 0 - - - - -
/etc d 755 0 0 - - - - -
/etc/vdr d 755 0 0 - - - - -
/etc/vdr/plugins d 755 0 0 - - - - -
/etc/vdr/plugins/scheduler d 755 0 0 - - - - -
/etc/vdr/plugins/scheduler/tasks.conf f 644 0 0 - - - - -
/etc d 755 0 0 - - - - -
/etc/vdr d 755 0 0 - - - - -
/etc/vdr/plugins d 755 0 0 - - - - -
/etc/vdr/plugins/rssreader.conf f 644 0 0 - - - - -
/bin/busybox f 4755 0 0 - - - - -
/sbin/usbautomounter f 755 0 0 - - - - -
/usr/bin/vdr f 755 0 0 - - - - -
/sbin d 755 0 0 - - - - -
/etc d 755 0 0 - - - - -
/etc/vdr d 755 0 0 - - - - -
/bin d 755 0 0 - - - - -
/usr d 755 0 0 - - - - -
/usr/sbin d 755 0 0 - - - - -
/usr/bin d 755 0 0 - - - - -
/sbin/cmd-io-test f 755 0 0 - - - - -
/sbin/cmd-fsck-hdd f 755 0 0 - - - - -
/sbin/cmd-svdrpsend f 755 0 0 - - - - -
/sbin/cmd-check-hdd f 755 0 0 - - - - -
/sbin/cmd-swapoff f 755 0 0 - - - - -
/sbin/cmd-genindex f 755 0 0 - - - - -
/sbin/cmd-format-hdd f 755 0 0 - - - - -
/sbin/cmd-delresume f 755 0 0 - - - - -
/etc/vdr/folders.conf f 644 0 0 - - - - -
/etc/vdr/commands.conf f 644 0 0 - - - - -
/etc/vdr/keymacros.conf f 644 0 0 - - - - -
/etc/vdr/remote.conf f 644 0 0 - - - - -
/etc/vdr/runvdr f 755 0 0 - - - - -
/etc/vdr/reccmds.conf f 644 0 0 - - - - -
/etc/vdr/svdrphosts.conf f 644 0 0 - - - - -
/etc/vdr/timercmds.conf f 644 0 0 - - - - -
/bin/mount.etc f 755 0 0 - - - - -
/bin/is-mounted f 755 0 0 - - - - -
/bin/umount.etc f 755 0 0 - - - - -
/usr/sbin/memwatch f 755 0 0 - - - - -
/usr/bin/kill-vdr f 755 0 0 - - - - -
/usr/bin/set-video f 755 0 0 - - - - -
/usr/bin/restart-vdr f 755 0 0 - - - - -
/usr/bin/fix-vdr-groups f 755 0 0 - - - - -
/usr/bin/start-vdr f 755 0 0 - - - - -
/etc d 755 0 0 - - - - -
/etc/vdr d 755 0 0 - - - - -
/etc/vdr/setup.conf f 644 0 0 - - - - -
/etc/vdr/channels.conf f 644 0 0 - - - - -
/usr/lib/libsqlite3.so.0.8.6 f 755 0 0 - - - - -
/etc d 755 0 0 - - - - -
/etc/vdr d 755 0 0 - - - - -
/etc/vdr/plugins d 755 0 0 - - - - -
/etc/usbautomounter d 755 0 0 - - - - -
/etc/webif d 755 0 0 - - - - -
/etc/group f 644 0 0 - - - - -
/etc/passwd f 644 0 0 - - - - -
/etc/rc.mini f 755 0 0 - - - - -
/etc/rc.debug f 644 0 0 - - - - -
/etc/usbautomounter/usbam.conf f 644 0 0 - - - - -
/etc/usbautomounter/usbam_mtable.conf f 644 0 0 - - - - -
/etc/inetd.conf f 644 0 0 - - - - -
/etc/inittab f 644 0 0 - - - - -
/etc/rc.conf f 644 0 0 - - - - -
/etc/resolv.conf f 644 0 0 - - - - -
/etc/webif/webif.conf f 644 0 0 - - - - -
/etc/rc.local.conf f 644 0 0 - - - - -
/etc/shadow f 644 0 0 - - - - -
/etc/lircd.conf f 644 0 0 - - - - -
/etc d 755 0 0 - - - - -
/etc/hostname f 644 0 0 - - - - -
/etc/systemtype f 644 0 0 - - - - -
