usr/bin/ffmpeg                 usr/bin/ffmpeg                 f 755 0 0 - - - - -
usr/bin/ffmpeg                 -                              s   - - - - - - - -
usr/lib/libavutil.so.49.15.0   usr/lib/libavutil.so.49.15.0   f 755 0 0 - - - - -
usr/lib/libavutil.so.49.15.0   -                              s   - - - - - - - -
usr/lib/libavutil.so.49        libavutil.so.49.15.0           l 777 0 0 - - - - -
usr/lib/libavutil.so           libavutil.so.49.15.0           l 777 0 0 - - - - -
usr/lib/libavformat.so.52.31.0 usr/lib/libavformat.so.52.31.0 f 755 0 0 - - - - -
usr/lib/libavformat.so.52.31.0 -                              s   - - - - - - - -
usr/lib/libavformat.so.52      libavformat.so.52.31.0         l 777 0 0 - - - - -
usr/lib/libavformat.so         libavformat.so.52.31.0         l 777 0 0 - - - - -
usr/lib/libavdevice.so.52.1.0  usr/lib/libavdevice.so.52.1.0  f 755 0 0 - - - - -
usr/lib/libavdevice.so.52.1.0  -                              s   - - - - - - - -
usr/lib/libavdevice.so.52      libavdevice.so.52.1.0          l 777 0 0 - - - - -
usr/lib/libavdevice.so         libavdevice.so.52.1.0          l 777 0 0 - - - - -
usr/lib/libavcodec.so.52.20.1  usr/lib/libavcodec.so.52.20.1  f 755 0 0 - - - - -
usr/lib/libavcodec.so.52.20.1  -                              s   - - - - - - - -
usr/lib/libavcodec.so.52       libavcodec.so.52.20.1          l 777 0 0 - - - - -
usr/lib/libavcodec.so          libavcodec.so.52.20.1          l 777 0 0 - - - - -
usr/lib/libpostproc.so.51.2.0  usr/lib/libpostproc.so.51.2.0  f 755 0 0 - - - - -
usr/lib/libpostproc.so.51.2.0  -                              s   - - - - - - - -
usr/lib/libpostproc.so.51      libpostproc.so.51.2.0          l 777 0 0 - - - - -
usr/lib/libpostproc.so         libpostproc.so.51.2.0          l 777 0 0 - - - - -
