usr/sbin                  -                      d 755 0 0 - - - - -
usr/sbin/nmbd             usr/sbin/nmbd          f 755 0 0 - - - - -
usr/sbin/nmbd             -                      s   - - - - - - - -
usr/sbin/smbd             usr/sbin/smbd          f 755 0 0 - - - - -
usr/sbin/smbd             -                      s   - - - - - - - -
#usr/sbin/smbpasswd        usr/sbin/smbpasswd     f 755 0 0 - - - - -
#usr/sbin/smbpasswd        -                      s   - - - - - - - -
etc/samba                 -                      d 755 0 0 - - - - -
etc/samba/smb.conf        etc/samba/smb.conf     f 664 0 0 - - - - -
usr/share                 -                      d 755 0 0 - - - - -
usr/share/samba           -                      d 755 0 0 - - - - -
usr/share/samba/codepages -                      d 755 0 0 - - - - -
etc/samba/codepages       -                      d 755 0 0 - - - - -
usr/share/samba/codepages/codepage.850           usr/share/samba/codepages/codepage.850                    f 664 0 0 - - - - -
usr/share/samba/codepages/unicode_map.850        usr/share/samba/codepages/unicode_map.850                 f 664 0 0 - - - - -
usr/share/samba/codepages/unicode_map.ISO8859-15 usr/share/samba/codepages/unicode_map.ISO8859-15          f 664 0 0 - - - - -
etc/samba/codepages/codepage.850                 ../../../usr/share/samba/codepages/codepage.850           l 777 0 0 - - - - -
etc/samba/codepages/unicode_map.850              ../../../usr/share/samba/codepages/unicode_map.850        l 777 0 0 - - - - -
etc/samba/codepages/unicode_map.ISO8859-15       ../../../usr/share/samba/codepages/unicode_map.ISO8859-15 l 777 0 0 - - - - -
