usr/lib/libGraphicsMagick.so.3.15.0    usr/lib/libGraphicsMagick.so.3.15.0    f 755 0 0 - - - - -
usr/lib/libGraphicsMagick.so.3.15.0    -                                      s   - - - - - - - -
usr/lib/libGraphicsMagick.so.3         libGraphicsMagick.so.3.15.0            l 777 0 0 - - - - -
usr/lib/libGraphicsMagick.so           libGraphicsMagick.so.3.15.0            l 777 0 0 - - - - -
usr/lib/libGraphicsMagick++.so.12.1.0  usr/lib/libGraphicsMagick++.so.12.1.0  f 755 0 0 - - - - -
usr/lib/libGraphicsMagick++.so.12.1.0  -                                      s   - - - - - - - -
usr/lib/libGraphicsMagick++.so.12      libGraphicsMagick++.so.12.1.0          l 777 0 0 - - - - -
usr/lib/libGraphicsMagick++.so         libGraphicsMagick++.so.12.1.0          l 777 0 0 - - - - -
usr/lib/libGraphicsMagickWand.so.2.7.3 usr/lib/libGraphicsMagickWand.so.2.7.3 f 755 0 0 - - - - -
usr/lib/libGraphicsMagickWand.so.2.7.3 -                                      s   - - - - - - - -
usr/lib/libGraphicsMagickWand.so.2     libGraphicsMagickWand.so.2.7.3         l 777 0 0 - - - - -
usr/lib/libGraphicsMagickWand.so       libGraphicsMagickWand.so.2.7.3         l 777 0 0 - - - - -
