usr/bin/markad                               usr/bin/markad                               f 755 0 0 - - - - -
usr/bin/markad                               -                                            s   - - - - - - - -
etc/markad                                   -                                            d 755 0 0 - - - - -
usr/share/locale                             -                                            d 755 0 0 - - - - -
usr/share/locale/de_DE                       -                                            d 755 0 0 - - - - -
usr/share/locale/de_DE/LC_MESSAGES           -                                            d 755 0 0 - - - - -
usr/share/locale/de_DE/LC_MESSAGES/markad.mo usr/share/locale/de_DE/LC_MESSAGES/markad.mo f 644 0 0 - - - - -
usr/share/locale/es_ES                       -                                            d 755 0 0 - - - - -
usr/share/locale/es_ES/LC_MESSAGES           -                                            d 755 0 0 - - - - -
usr/share/locale/es_ES/LC_MESSAGES/markad.mo usr/share/locale/es_ES/LC_MESSAGES/markad.mo f 644 0 0 - - - - -
