lib/ld-uClibc-0.9.30.1.so  lib/ld-uClibc-0.9.30.1.so  f 755 0 0 - - - - -
lib/ld-uClibc-0.9.30.1.so  -                        s   - - - - - - - -
lib/ld-uClibc.so.0       ld-uClibc-0.9.30.1.so      l 777 0 0 - - - - -
lib/libcrypt-0.9.30.1.so   lib/libcrypt-0.9.30.1.so   f 755 0 0 - - - - -
lib/libcrypt-0.9.30.1.so   -                        s   - - - - - - - -
lib/libcrypt.so.0        libcrypt-0.9.30.1.so       l 777 0 0 - - - - -
lib/libdl-0.9.30.1.so      lib/libdl-0.9.30.1.so      f 755 0 0 - - - - -
lib/libdl-0.9.30.1.so      -                        s   - - - - - - - -
lib/libdl.so.0           libdl-0.9.30.1.so          l 777 0 0 - - - - -
lib/libm-0.9.30.1.so       lib/libm-0.9.30.1.so       f 755 0 0 - - - - -
lib/libm-0.9.30.1.so       -                        s   - - - - - - - -
lib/libm.so.0            libm-0.9.30.1.so           l 777 0 0 - - - - -
lib/libnsl-0.9.30.1.so     lib/libnsl-0.9.30.1.so     f 755 0 0 - - - - -
lib/libnsl-0.9.30.1.so     -                        s   - - - - - - - -
lib/libnsl.so.0          libnsl-0.9.30.1.so         l 777 0 0 - - - - -
lib/libpthread-0.9.30.1.so lib/libpthread-0.9.30.1.so f 755 0 0 - - - - -
lib/libpthread-0.9.30.1.so -                        s   - - - - - - - -
lib/libpthread.so.0      libpthread-0.9.30.1.so     l 777 0 0 - - - - -
lib/libresolv-0.9.30.1.so  lib/libresolv-0.9.30.1.so  f 755 0 0 - - - - -
lib/libresolv-0.9.30.1.so  -                        s   - - - - - - - -
lib/libresolv.so.0       libresolv-0.9.30.1.so      l 777 0 0 - - - - -
lib/librt-0.9.30.1.so      lib/librt-0.9.30.1.so      f 755 0 0 - - - - -
lib/librt-0.9.30.1.so      -                        s   - - - - - - - -
lib/librt.so.0           librt-0.9.30.1.so          l 777 0 0 - - - - -
lib/libutil-0.9.30.1.so    lib/libutil-0.9.30.1.so    f 755 0 0 - - - - -
lib/libutil-0.9.30.1.so    -                        s   - - - - - - - -
lib/libutil.so.0         libutil-0.9.30.1.so        l 777 0 0 - - - - -
lib/libuClibc-0.9.30.1.so  lib/libuClibc-0.9.30.1.so  f 755 0 0 - - - - -
lib/libuClibc-0.9.30.1.so  -                        s   - - - - - - - -
lib/libc.so.0            libuClibc-0.9.30.1.so      l 777 0 0 - - - - -
