lib/ld-uClibc-1.0.38.so  lib/ld-uClibc-1.0.38.so  f 755 0 0 - - - - -
lib/ld-uClibc-1.0.38.so  -                        s   - - - - - - - -
lib/ld-uClibc.so.1       ld-uClibc-1.0.38.so      l 777 0 0 - - - - -
lib/ld-uClibc.so.0       ld-uClibc-1.0.38.so      l 777 0 0 - - - - -
lib/libcrypt.so.1        libuClibc-1.0.38.so      l 777 0 0 - - - - -
lib/libcrypt.so.0        libuClibc-1.0.38.so      l 777 0 0 - - - - -
lib/libdl.so.1           libuClibc-1.0.38.so      l 777 0 0 - - - - -
lib/libdl.so.0           libuClibc-1.0.38.so      l 777 0 0 - - - - -
lib/libm.so.1            libuClibc-1.0.38.so      l 777 0 0 - - - - -
lib/libm.so.0            libuClibc-1.0.38.so      l 777 0 0 - - - - -
lib/libnsl.so.1          libuClibc-1.0.38.so      l 777 0 0 - - - - -
lib/libnsl.so.0          libuClibc-1.0.38.so      l 777 0 0 - - - - -
lib/libpthread.so.1      libuClibc-1.0.38.so      l 777 0 0 - - - - -
lib/libpthread.so.0      libuClibc-1.0.38.so      l 777 0 0 - - - - -
lib/libresolv.so.1       libuClibc-1.0.38.so      l 777 0 0 - - - - -
lib/libresolv.so.0       libuClibc-1.0.38.so      l 777 0 0 - - - - -
lib/librt.so.1           libuClibc-1.0.38.so      l 777 0 0 - - - - -
lib/librt.so.0           libuClibc-1.0.38.so      l 777 0 0 - - - - -
lib/libutil.so.1         libuClibc-1.0.38.so      l 777 0 0 - - - - -
lib/libutil.so.0         libuClibc-1.0.38.so      l 777 0 0 - - - - -
lib/libuClibc-1.0.38.so  lib/libuClibc-1.0.38.so  f 755 0 0 - - - - -
lib/libuClibc-1.0.38.so  -                        s   - - - - - - - -
lib/libc.so.1            libuClibc-1.0.38.so      l 777 0 0 - - - - -
lib/libc.so.0            libuClibc-1.0.38.so      l 777 0 0 - - - - -
