lib/ld-uClibc-1.0.13.so  lib/ld-uClibc-1.0.13.so  f 755 0 0 - - - - -
lib/ld-uClibc-1.0.13.so  -                        s   - - - - - - - -
lib/ld-uClibc.so.1       ld-uClibc-1.0.13.so      l 777 0 0 - - - - -
lib/ld-uClibc.so.0       ld-uClibc.so.1           l 777 0 0 - - - - -
lib/libcrypt-1.0.13.so   lib/libcrypt-1.0.13.so   f 755 0 0 - - - - -
lib/libcrypt-1.0.13.so   -                        s   - - - - - - - -
lib/libcrypt.so.1        libcrypt-1.0.13.so       l 777 0 0 - - - - -
lib/libdl-1.0.13.so      lib/libdl-1.0.13.so      f 755 0 0 - - - - -
lib/libdl-1.0.13.so      -                        s   - - - - - - - -
lib/libdl.so.1           libdl-1.0.13.so          l 777 0 0 - - - - -
lib/libm-1.0.13.so       lib/libm-1.0.13.so       f 755 0 0 - - - - -
lib/libm-1.0.13.so       -                        s   - - - - - - - -
lib/libm.so.1            libm-1.0.13.so           l 777 0 0 - - - - -
lib/libnsl-1.0.13.so     lib/libnsl-1.0.13.so     f 755 0 0 - - - - -
lib/libnsl-1.0.13.so     -                        s   - - - - - - - -
lib/libnsl.so.1          libnsl-1.0.13.so         l 777 0 0 - - - - -
lib/libpthread-1.0.13.so lib/libpthread-1.0.13.so f 755 0 0 - - - - -
lib/libpthread-1.0.13.so -                        s   - - - - - - - -
lib/libpthread.so.1      libpthread-1.0.13.so     l 777 0 0 - - - - -
lib/libresolv-1.0.13.so  lib/libresolv-1.0.13.so  f 755 0 0 - - - - -
lib/libresolv-1.0.13.so  -                        s   - - - - - - - -
lib/libresolv.so.1       libresolv-1.0.13.so      l 777 0 0 - - - - -
lib/librt-1.0.13.so      lib/librt-1.0.13.so      f 755 0 0 - - - - -
lib/librt-1.0.13.so      -                        s   - - - - - - - -
lib/librt.so.1           librt-1.0.13.so          l 777 0 0 - - - - -
lib/libutil-1.0.13.so    lib/libutil-1.0.13.so    f 755 0 0 - - - - -
lib/libutil-1.0.13.so    -                        s   - - - - - - - -
lib/libutil.so.1         libutil-1.0.13.so        l 777 0 0 - - - - -
lib/libuClibc-1.0.13.so  lib/libuClibc-1.0.13.so  f 755 0 0 - - - - -
lib/libuClibc-1.0.13.so  -                        s   - - - - - - - -
lib/libc.so.1            libuClibc-1.0.13.so      l 777 0 0 - - - - -
