dev/dvb                      -       d 755 0 0   -    - - -  -
dev/dvb/adapter0             -       d 755 0 0   -    - - -  -
dev/dvb/adapter0/video0      -       c 660 0 0 212    0 - -  -
dev/dvb/adapter0/audio0      -       c 660 0 0 212    1 - -  -
dev/dvb/adapter0/frontend0   -       c 660 0 0 212    3 - -  -
dev/dvb/adapter0/demux0      -       c 660 0 0 212    4 - -  -
dev/dvb/adapter0/dvr0        -       c 660 0 0 212    5 - -  -
dev/dvb/adapter0/ca0         -       c 660 0 0 212    6 - -  -
dev/dvb/adapter0/net0        -       c 660 0 0 212    7 - -  -
dev/dvb/adapter0/osd0        -       c 660 0 0 212    8 - -  -
dev/dvb/adapter1             -       d 755 0 0   -    - - -  -
dev/dvb/adapter1/video0      -       c 660 0 0 212   64 - -  -
dev/dvb/adapter1/audio0      -       c 660 0 0 212   65 - -  -
dev/dvb/adapter1/frontend0   -       c 660 0 0 212   67 - -  -
dev/dvb/adapter1/demux0      -       c 660 0 0 212   68 - -  -
dev/dvb/adapter1/dvr0        -       c 660 0 0 212   69 - -  -
dev/dvb/adapter1/ca0         -       c 660 0 0 212   70 - -  -
dev/dvb/adapter1/net0        -       c 660 0 0 212   71 - -  -
dev/dvb/adapter1/osd0        -       c 660 0 0 212   72 - -  -
#dev/dvb/adapter2             -       d 755 0 0   -    - - -  -
#dev/dvb/adapter2/video0      -       c 660 0 0 212  128 - -  -
#dev/dvb/adapter2/audio0      -       c 660 0 0 212  129 - -  -
#dev/dvb/adapter2/frontend0   -       c 660 0 0 212  131 - -  -
#dev/dvb/adapter2/demux0      -       c 660 0 0 212  132 - -  -
#dev/dvb/adapter2/dvr0        -       c 660 0 0 212  133 - -  -
#dev/dvb/adapter2/ca0         -       c 660 0 0 212  134 - -  -
#dev/dvb/adapter2/net0        -       c 660 0 0 212  135 - -  -
#dev/dvb/adapter2/osd0        -       c 660 0 0 212  136 - -  -
#dev/dvb/adapter3             -       d 755 0 0   -    - - -  -
#dev/dvb/adapter3/video0      -       c 660 0 0 212  192 - -  -
#dev/dvb/adapter3/audio0      -       c 660 0 0 212  193 - -  -
#dev/dvb/adapter3/frontend0   -       c 660 0 0 212  195 - -  -
#dev/dvb/adapter3/demux0      -       c 660 0 0 212  196 - -  -
#dev/dvb/adapter3/dvr0        -       c 660 0 0 212  197 - -  -
#dev/dvb/adapter3/ca0         -       c 660 0 0 212  198 - -  -
#dev/dvb/adapter3/net0        -       c 660 0 0 212  199 - -  -
#dev/dvb/adapter3/osd0        -       c 660 0 0 212  200 - -  -
