sbin/chpst        sbin/chpst        f 755 0 0 - - - - -
sbin/chpst        -                 s   - - - - - - - -
sbin/runit        sbin/runit        f 755 0 0 - - - - -
sbin/runit        -                 s   - - - - - - - -
sbin/runit-init   sbin/runit-init   f 755 0 0 - - - - -
sbin/runit-init   -                 s   - - - - - - - -
sbin/runsv        sbin/runsv        f 755 0 0 - - - - -
sbin/runsv        -                 s   - - - - - - - -
sbin/runsvchdir   sbin/runsvchdir   f 755 0 0 - - - - -
sbin/runsvchdir   -                 s   - - - - - - - -
sbin/runsvdir     sbin/runsvdir     f 755 0 0 - - - - -
sbin/runsvdir     -                 s   - - - - - - - -
sbin/sv           sbin/sv           f 755 0 0 - - - - -
sbin/sv           -                 s   - - - - - - - -
sbin/svlogd       sbin/svlogd       f 755 0 0 - - - - -
sbin/svlogd       -                 s   - - - - - - - -
sbin/utmpset      sbin/utmpset      f 755 0 0 - - - - -
sbin/utmpset      -                 s   - - - - - - - -
